Analysis & Synthesis Status : Successful - Mon Dec 05 12:00:35 2022
Quartus Prime Version : 18.0.0 Build 614 04/24/2018 SJ Standard Edition
Revision Name : RV32IM_pipeline
Top-level Entity Name : system
Family : Stratix V
Logic utilization (in ALMs) : N/A until Partition Merge
Total registers : N/A until Partition Merge
Total pins : N/A until Partition Merge
Total virtual pins : N/A until Partition Merge
Total block memory bits : N/A until Partition Merge
Total DSP Blocks : N/A until Partition Merge
Total HSSI STD RX PCSs : N/A until Partition Merge
Total HSSI 10G RX PCSs : N/A until Partition Merge
Total HSSI GEN3 RX PCSs : N/A until Partition Merge
Total HSSI PMA RX Deserializers : N/A until Partition Merge
Total HSSI STD TX PCSs : N/A until Partition Merge
Total HSSI 10G TX PCSs : N/A until Partition Merge
Total HSSI GEN3 TX PCSs : N/A until Partition Merge
Total HSSI PMA TX Serializers : N/A until Partition Merge
Total HSSI PIPE GEN1_2s : N/A until Partition Merge
Total HSSI GEN3s : N/A until Partition Merge
Total PLLs : N/A until Partition Merge
Total DLLs : N/A until Partition Merge
